[yousf.tk/a7.ae/index.html]
[yousf.tk/a7.ae/ramadan/favicon.html]
[backblue.gif]
[fade.gif]
[index.html]
[yousf.tk/maxcdn.bootstrapcdn.com/bootstrap/4.0.0/css/bootstrap.min.css]
[yousf.tk/a7.ae/css/style.css]
[pagead2.googlesyndication.com/pagead/js/f.txt]
[yousf.tk/a7.ae/img/yousf.png]
[yousf.tk/a7.ae/img/123456.png]
[yousf.tk/a7.ae/img/youtube1.png]
[yousf.tk/a7.ae/img/twetter1.png]
[yousf.tk/a7.ae/img/instagramicon.png]
[yousf.tk/a7.ae/mobileweb/yousfl.png]
[yousf.tk/a7.ae/hacking.html]
[image.freepik.com/free-vector/hacker-operating-laptop-icon-hacker-laptop-hacker-technology-icon-white-isolated_138676-494.jpg]
[yousf.tk/a7.ae/iphoneapp.html]
[yousf.tk/a7.ae/img/app.png]
[yousf.tk/a7.ae/videodownloder.html]
[cdn.iconscout.com/icon/free/png-256/video-download-2-1151457.png]
[yousf.tk/a7.ae/img/islam.png]
[thinkmaverick.com/wp-content/uploads/2018/10/tm-logomaker.png]
[yousf.tk/a7.ae/img/qurankareem.png]
[yousf.tk/a7.ae/appleid.html]
[yousf.tk/a7.ae/img/appleid13.png]
[yousf.tk/a7.ae/Shortcuts/index.html]
[yousf.tk/a7.ae/img/Shortcuts.png]
[yousf.tk/a7.ae/androidapp.html]
[yousf.tk/a7.ae/mobileweb/google-play.png]
[yousf.tk/a7.ae/delete acount.html]
[yousf.tk/a7.ae/img/delete.png]
[yousf.tk/a7.ae/img/malzama.jpg]
[yousf.tk/a7.ae/pcapp.html]
[yousf.tk/a7.ae/img/pc.png]
[yousf.tk/a7.ae/img/instagramiconbar.png]
[yousf.tk/a7.ae/mobileweb/b2.png]
[yousf.tk/a7.ae/img/streak.png]
[yousf.tk/a7.ae/mobileweb/b5.png]
[yousf.tk/a7.ae/Pluss/template/images/instagram.png]
[yousf.tk/a7.ae/Pluss/template/images/snapchat.png]
[yousf.tk/a7.ae/Pluss/template/images/Twitter.png]
[yousf.tk/a7.ae/Pluss/template/images/YouTube.png]
[yousf.tk/a7.ae/js/jquery.min.js]
[yousf.tk/www.snapchat.com/deeplink/static/js/deeplinke117e117.js]
[yousf.tk/code.jquery.com/jquery-3.3.1.min.js]
[yousf.tk/a7.ae/index.html]
[yousf.tk/a7.ae/ramadan/favicon.html]
[yousf.tk/a7.ae/js/js.js]
[yousf.tk/maxcdn.bootstrapcdn.com/bootstrap/4.0.0/css/bootstrap.min.css]
[yousf.tk/a7.ae/img/bb.png]
[yousf.tk/a7.ae/css/style.css]
[yousf.tk/a7.ae/mobileweb/menes.css]
[yousf.tk/a7.ae/mobileweb/style.css]
[yousf.tk/a7.ae/LOGO0.png]
[yousf.tk/a7.ae/ppll.png]
[upload.wikimedia.org/wikipedia/commons/thumb/f/fa/Apple_logo_black.svg/862px-Apple_logo_black.svg.png]
[www.technipages.com/wp-content/uploads/2015/03/Android-Messages-Icon.jpg]
[yousf.tk/a7.ae/hacking.html]
[yousf.tk/a7.ae/itms-services_/indexc6a5.html]
[yousf.tk/a7.ae/itms-services_/index88bf.html]
[i.ibb.co/QQn8sfP/096-E8239-8092-4-EA2-9-E55-762-FE33-CAFB1.jpg]
[yousf.tk/a7.ae/itms-services_/indexaebb.html]
[ipa-apps.me/Images/TikTok++.png]
[ipa-apps.me/Images/Snap.png]
[yousf.tk/a7.ae/itms-services_/indexa727.html]
[ipa-apps.me/Images/instagram.png]
[yousf.tk/a7.ae/itms-services_/indexbc22.html]
[yousf.tk/a7.ae/itms-services_/indexb950.html]
[yousf.tk/a7.ae/mobileweb/ZiniTevi.36.delayed]
[yousf.tk/a7.ae/itms-services_/indexef29.html]
[yousf.tk/a7.ae/itms-services_/index8317.html]
[yousf.tk/a7.ae/watch.html]
[yousf.tk/a7.ae/itms-services_/index9cc9.html]
[yousf.tk/a7.ae/mobileweb/clockology.png]
[yousf.tk/a7.ae/iphoneapp.html]
[yousf.tk/a7.ae/itms-services_/indexb525.html]
[yousf.tk/a7.ae/img/tiktokicon.png]
[yousf.tk/a7.ae/img/fbicon.jpg]
[yousf.tk/a7.ae/img/youtubeicon.png]
[yousf.tk/a7.ae/img/twettericon.png]
[yousf.tk/a7.ae/videodownloder.html]
[yousf.tk/a7.ae/img/appleid12.jpg]
[yousf.tk/a7.ae/img/appleidloon2.jpg]
[yousf.tk/a7.ae/img/____loon.jpg]
[yousf.tk/a7.ae/appleid.html]
[yousf.tk/a7.ae/Shortcuts/template/style.html]
[yousf.tk/a7.ae/Shortcuts/template/images/topr.gif]
[yousf.tk/a7.ae/Shortcuts/template/images/top.gif]
[yousf.tk/a7.ae/Shortcuts/template/images/topl.gif]
[yousf.tk/a7.ae/Shortcuts/template/images/right.gif]
[yousf.tk/a7.ae/Shortcuts/Shortcuts.png]
[yousf.tk/a7.ae/Shortcuts/entry.html]
[yousf.tk/a7.ae/Shortcuts/template/images/left.gif]
[yousf.tk/a7.ae/Shortcuts/template/images/downr.gif]
[yousf.tk/a7.ae/Shortcuts/template/images/down.gif]
[yousf.tk/a7.ae/Shortcuts/template/images/downl.gif]
[yousf.tk/a7.ae/Shortcuts/dd.png]
[yousf.tk/a7.ae/Shortcuts/f.png]
[yousf.tk/a7.ae/Shortcuts/i121.png]
[yousf.tk/a7.ae/Shortcuts/Arabic.png]
[yousf.tk/a7.ae/Shortcuts/qibla.png]
[yousf.tk/a7.ae/Shortcuts/template/images/YouTube.png]
[yousf.tk/a7.ae/Shortcuts/template/images/Twitter.png]
[yousf.tk/a7.ae/Shortcuts/template/images/snapchat.png]
[yousf.tk/a7.ae/Shortcuts/index.html]
[yousf.tk/a7.ae/Shortcuts/template/images/instagram.png]
[moddroid.com/wp-content/uploads/2019/03/snaptube-mod-ad-removevip-moddroid.jpg]
[moddroid.com/wp-content/uploads/2020/08/remini-moddroid.png]
[rezali.ml/aseets/img/adob.png]
[moddroid.com/wp-content/uploads/2020/08/Dumpster.png]
[moddroid.com/wp-content/uploads/2019/05/avee-music-player-pro-moddroid.png]
[rezali.ml/aseets/img/alight.png]
[moddroid.com/wp-content/uploads/2018/10/grand-theft-auto-san-andreas-mod-menu-cheats-moddroid.png]
[moddroid.com/wp-content/uploads/2019/06/grand-theft-auto-vice-city-mod-moneyunlocked-moddroid.png]
[moddroid.com/wp-content/uploads/2019/05/bully-anniversary-edition-mod-unlimited-money-moddroid.jpg]
[moddroid.com/wp-content/uploads/2020/05/Candy-Crush-Saga.png]
[moddroid.com/wp-content/uploads/2021/01/pubg-mobile-kr.png]
[moddroid.com/wp-content/uploads/2020/09/CountryEscape.png]
[moddroid.com/wp-content/uploads/2018/11/the-amazing-spider-man-2-mod-free-shopping-moddroid.png]
[moddroid.com/wp-content/uploads/2018/10/score-hero-mod-money-moddroid.png]
[moddroid.com/wp-content/uploads/2020/05/Asphalt-8.png]
[moddroid.com/wp-content/uploads/2019/06/asphalt-9-legends-mod-unlimited-nitrospeed-moddroid.png]
[moddroid.com/wp-content/uploads/2019/06/human-flat-flat-moddroid.png]
[moddroid.com/wp-content/uploads/2018/11/limbo-mod-full-versionpaid-moddroid.png]
[moddroid.com/wp-content/uploads/2020/03/automatic-call-recorder-pro-moddroid.png]
[moddroid.com/wp-content/uploads/2019/01/picsart-photo-studio-picsart-gold-moddroid.png]
[moddroid.com/wp-content/uploads/2020/02/mojo-moddroid.png]
[moddroid.com/wp-content/uploads/2020/03/vivacut-mod-unlocked-moddroid.png]
[moddroid.com/wp-content/uploads/2020/09/Cute-CUT.png]
[moddroid.com/wp-content/uploads/2019/04/photo-lab-pro-moddroid.png]
[yousf.tk/a7.ae/androidapp.html]
[yousf.tk/a7.ae/img/snap delete.png]
[yousf.tk/a7.ae/img/instagram delete.png]
[yousf.tk/a7.ae/img/facebook delete.png]
[yousf.tk/a7.ae/delete acount.html]
[img.favpng.com/1/3/16/jdownloader-internet-download-manager-computer-icons-png-favpng-nA6eK21KxPvFJffASdm80K3jU_t.jpg]
[yousf.tk/a7.ae/pcapp.html]
[yousf.tk/a7.ae/mobileweb/pinstripes.html]
[yousf.tk/a7.ae/mobileweb/toolbar.html]
[yousf.tk/a7.ae/mobileweb/backButton.html]
[yousf.tk/a7.ae/mobileweb/toolButton.html]
[yousf.tk/a7.ae/mobileweb/chevron.png]
[yousf.tk/cache.saurik.com/crystal/16x16/actions/knewstuff.png]
[yousf.tk/a7.ae/mobileweb/menes.css]
[yousf.tk/a7.ae/mobileweb/background.html]
[yousf.tk/cache.saurik.com/menes/pinstripes.png]
[yousf.tk/a7.ae/mobileweb/switch-on.html]
[yousf.tk/a7.ae/mobileweb/slider.html]
[yousf.tk/a7.ae/mobileweb/style.css]
[yousf.tk/a7.ae/itms-services_/indexc6a5.html]
[yousf.tk/a7.ae/itms-services_/index88bf.html]
[yousf.tk/a7.ae/itms-services_/indexaebb.html]
[yousf.tk/a7.ae/itms-services_/indexa727.html]
[yousf.tk/a7.ae/itms-services_/indexbc22.html]
[yousf.tk/a7.ae/itms-services_/indexb950.html]
[yousf.tk/a7.ae/itms-services_/indexef29.html]
[yousf.tk/a7.ae/itms-services_/index8317.html]
[yousf.tk/a7.ae/itms-services_/index9cc9.html]
[yousf.tk/a7.ae/itms-services_/indexb525.html]
[yousf.tk/a7.ae/watch.html]
[yousf.tk/a7.ae/img/____loon.html]
[yousf.tk/a7.ae/Shortcuts/template/style.html]
[yousf.tk/a7.ae/Shortcuts/entry.html]
[moddroid.com/wp-content/uploads/2021/01/pubg-mobile-kr.html]
[yousf.tk/a7.ae/mobileweb/pinstripes.html]
[yousf.tk/a7.ae/mobileweb/toolbar.html]
[yousf.tk/a7.ae/mobileweb/backButton.html]
[yousf.tk/a7.ae/mobileweb/toolButton.html]
[yousf.tk/cache.saurik.com/crystal/16x16/actions/knewstuff.html]
[yousf.tk/a7.ae/mobileweb/background.html]
[yousf.tk/cache.saurik.com/menes/pinstripes.html]
[yousf.tk/a7.ae/mobileweb/switch-on.html]
[yousf.tk/a7.ae/mobileweb/slider.html]
